(python) paveltom@fedora:~/python$ pip install pyiron
Collecting pyiron
  Downloading pyiron-0.5.2-py3-none-any.whl.metadata (848 bytes)
Collecting pyiron-atomistics>=0.4.5 (from pyiron)
  Downloading pyiron_atomistics-0.5.1-py3-none-any.whl.metadata (9.4 kB)
Collecting ase==3.22.1 (from pyiron-atomistics>=0.4.5->pyiron)
  Downloading ase-3.22.1-py3-none-any.whl.metadata (3.1 kB)
Collecting atomistics<=0.1.25,>=0.1.12 (from pyiron-atomistics>=0.4.5->pyiron)
  Downloading atomistics-0.1.25-py3-none-any.whl.metadata (15 kB)
Collecting defusedxml<=0.7.1,>=0.7.0 (from pyiron-atomistics>=0.4.5->pyiron)
  Downloading defusedxml-0.7.1-py2.py3-none-any.whl.metadata (32 kB)
Collecting h5py<=3.10.0,>=3.9.0 (from pyiron-atomistics>=0.4.5->pyiron)
  Downloading h5py-3.10.0.tar.gz (403 kB)
  Installing build dependencies ... done
  Getting requirements to build wheel ... done
  Preparing metadata (pyproject.toml) ... done
Collecting matplotlib<=3.8.4,>=3.5.3 (from pyiron-atomistics>=0.4.5->pyiron)
  Downloading matplotlib-3.8.4.tar.gz (35.9 MB)
     ━━━━━━━━━━━━━━━━━━━━━━━━━━━━━━━━━━━━━━━━ 35.9/35.9 MB 4.2 MB/s eta 0:00:00
  Installing build dependencies ... done
  Getting requirements to build wheel ... done
  Preparing metadata (pyproject.toml) ... done
INFO: pip is looking at multiple versions of pyiron-atomistics to determine which version is compatible with other requirements. This could take a while.
Collecting pyiron-atomistics>=0.4.5 (from pyiron)
  Downloading pyiron_atomistics-0.5.0-py3-none-any.whl.metadata (9.4 kB)
Collecting atomistics<=0.1.24,>=0.1.12 (from pyiron-atomistics>=0.4.5->pyiron)
  Downloading atomistics-0.1.24-py3-none-any.whl.metadata (15 kB)
Collecting matplotlib<=3.8.3,>=3.5.3 (from pyiron-atomistics>=0.4.5->pyiron)
  Downloading matplotlib-3.8.3.tar.gz (35.9 MB)
     ━━━━━━━━━━━━━━━━━━━━━━━━━━━━━━━━━━━━━━━━ 35.9/35.9 MB 1.2 MB/s eta 0:00:00
  Installing build dependencies ... done
  Getting requirements to build wheel ... done
  Preparing metadata (pyproject.toml) ... done
Collecting pyiron-atomistics>=0.4.5 (from pyiron)
  Downloading pyiron_atomistics-0.4.18-py3-none-any.whl.metadata (9.4 kB)
  Downloading pyiron_atomistics-0.4.17-py3-none-any.whl.metadata (9.4 kB)
Collecting atomistics<=0.1.23,>=0.1.12 (from pyiron-atomistics>=0.4.5->pyiron)
  Downloading atomistics-0.1.23-py3-none-any.whl.metadata (15 kB)
Collecting pyiron-atomistics>=0.4.5 (from pyiron)
  Downloading pyiron_atomistics-0.4.16-py3-none-any.whl.metadata (9.4 kB)
  Downloading pyiron_atomistics-0.4.15-py3-none-any.whl.metadata (9.4 kB)
Collecting matplotlib<=3.8.2,>=3.5.3 (from pyiron-atomistics>=0.4.5->pyiron)
  Downloading matplotlib-3.8.2.tar.gz (35.9 MB)
     ━━━━━━━━━━━━━━━━━━━━━━━━━━━━━━━━━━━━━━━━ 35.9/35.9 MB 1.6 MB/s eta 0:00:00
  Installing build dependencies ... done
  Getting requirements to build wheel ... done
  Preparing metadata (pyproject.toml) ... done
Collecting pyiron-atomistics>=0.4.5 (from pyiron)
  Downloading pyiron_atomistics-0.4.14-py3-none-any.whl.metadata (9.4 kB)
  Downloading pyiron_atomistics-0.4.13-py3-none-any.whl.metadata (9.4 kB)
Collecting atomistics<=0.1.22,>=0.1.12 (from pyiron-atomistics>=0.4.5->pyiron)
  Downloading atomistics-0.1.22-py3-none-any.whl.metadata (15 kB)
INFO: pip is still looking at multiple versions of pyiron-atomistics to determine which version is compatible with other requirements. This could take a while.
Collecting pyiron-atomistics>=0.4.5 (from pyiron)
  Downloading pyiron_atomistics-0.4.12-py3-none-any.whl.metadata (9.3 kB)
  Downloading pyiron_atomistics-0.4.11-py3-none-any.whl.metadata (9.3 kB)
  Downloading pyiron_atomistics-0.4.10-py3-none-any.whl.metadata (9.3 kB)
  Downloading pyiron_atomistics-0.4.9-py3-none-any.whl.metadata (9.4 kB)
  Downloading pyiron_atomistics-0.4.8-py3-none-any.whl.metadata (9.4 kB)
Collecting atomistics<=0.1.21,>=0.1.12 (from pyiron-atomistics>=0.4.5->pyiron)
  Downloading atomistics-0.1.21-py3-none-any.whl.metadata (15 kB)
INFO: This is taking longer than usual. You might need to provide the dependency resolver with stricter constraints to reduce runtime. See https://pip.pypa.io/warnings/backtracking for guidance. If you want to abort this run, press Ctrl + C.
Collecting pyiron-atomistics>=0.4.5 (from pyiron)
  Downloading pyiron_atomistics-0.4.7-py3-none-any.whl.metadata (9.4 kB)
Collecting atomistics<=0.1.20,>=0.1.12 (from pyiron-atomistics>=0.4.5->pyiron)
  Downloading atomistics-0.1.20-py3-none-any.whl.metadata (15 kB)
Collecting pyiron-atomistics>=0.4.5 (from pyiron)
  Downloading pyiron_atomistics-0.4.6-py3-none-any.whl.metadata (9.4 kB)
  Downloading pyiron_atomistics-0.4.5-py3-none-any.whl.metadata (9.4 kB)
Collecting pyiron
  Downloading pyiron-0.5.1-py3-none-any.whl.metadata (848 bytes)
Collecting pyiron-atomistics>=0.3.6 (from pyiron)
  Downloading pyiron_atomistics-0.4.4-py3-none-any.whl.metadata (9.4 kB)
  Downloading pyiron_atomistics-0.4.3-py3-none-any.whl.metadata (9.4 kB)
Collecting atomistics<=0.1.19,>=0.1.12 (from pyiron-atomistics>=0.3.6->pyiron)
  Downloading atomistics-0.1.19-py3-none-any.whl.metadata (15 kB)
Collecting pyiron-atomistics>=0.3.6 (from pyiron)
  Downloading pyiron_atomistics-0.4.2-py3-none-any.whl.metadata (9.4 kB)
  Downloading pyiron_atomistics-0.4.1-py3-none-any.whl.metadata (9.3 kB)
Collecting atomistics<=0.1.18,>=0.1.12 (from pyiron-atomistics>=0.3.6->pyiron)
  Downloading atomistics-0.1.18-py3-none-any.whl.metadata (15 kB)
Collecting pyiron-atomistics>=0.3.6 (from pyiron)
  Downloading pyiron_atomistics-0.4.0-py3-none-any.whl.metadata (9.3 kB)
  Downloading pyiron_atomistics-0.3.12-py3-none-any.whl.metadata (9.3 kB)
Collecting atomistics<=0.1.16,>=0.1.12 (from pyiron-atomistics>=0.3.6->pyiron)
  Downloading atomistics-0.1.16-py3-none-any.whl.metadata (15 kB)
Collecting pyiron-atomistics>=0.3.6 (from pyiron)
  Downloading pyiron_atomistics-0.3.11-py3-none-any.whl.metadata (9.3 kB)
Collecting atomistics==0.1.12 (from pyiron-atomistics>=0.3.6->pyiron)
  Downloading atomistics-0.1.12-py3-none-any.whl.metadata (14 kB)
Collecting pyiron-atomistics>=0.3.6 (from pyiron)
  Downloading pyiron_atomistics-0.3.10-py3-none-any.whl.metadata (9.3 kB)
  Downloading pyiron_atomistics-0.3.9-py3-none-any.whl.metadata (9.3 kB)
  Downloading pyiron_atomistics-0.3.8-py3-none-any.whl.metadata (1.5 kB)
Collecting ase>=3.22.1 (from pyiron-atomistics>=0.3.6->pyiron)
  Downloading ase-3.26.0-py3-none-any.whl.metadata (4.1 kB)
Collecting atomistics>=0.1.12 (from pyiron-atomistics>=0.3.6->pyiron)
  Downloading atomistics-0.1.26-py3-none-any.whl.metadata (15 kB)
Collecting h5py>=3.10.0 (from pyiron-atomistics>=0.3.6->pyiron)
  Downloading h5py-3.14.0-cp313-cp313-manylinux_2_17_x86_64.manylinux2014_x86_64.whl.metadata (2.7 kB)
Collecting matplotlib>=3.8.2 (from pyiron-atomistics>=0.3.6->pyiron)
  Downloading matplotlib-3.10.6-cp313-cp313-manylinux2014_x86_64.manylinux_2_17_x86_64.whl.metadata (11 kB)
Collecting mendeleev>=0.14.0 (from pyiron-atomistics>=0.3.6->pyiron)
  Downloading mendeleev-1.1.0-py3-none-any.whl.metadata (21 kB)
Collecting mp-api>=0.39.0 (from pyiron-atomistics>=0.3.6->pyiron)
  Downloading mp_api-0.45.9-py3-none-any.whl.metadata (2.4 kB)
Collecting numpy>=1.26.2 (from pyiron-atomistics>=0.3.6->pyiron)
  Using cached numpy-2.3.3-cp313-cp313-manylinux_2_27_x86_64.manylinux_2_28_x86_64.whl.metadata (62 kB)
Collecting pandas>=2.1.3 (from pyiron-atomistics>=0.3.6->pyiron)
  Downloading pandas-2.3.2-cp313-cp313-manylinux_2_17_x86_64.manylinux2014_x86_64.whl.metadata (91 kB)
Collecting phonopy>=2.20.0 (from pyiron-atomistics>=0.3.6->pyiron)
  Downloading phonopy-2.43.2-cp313-cp313-manylinux_2_17_x86_64.manylinux2014_x86_64.whl.metadata (3.3 kB)
Collecting pint>=0.22 (from pyiron-atomistics>=0.3.6->pyiron)
  Downloading pint-0.25-py3-none-any.whl.metadata (10 kB)
Collecting pyiron-base>=0.6.9 (from pyiron-atomistics>=0.3.6->pyiron)
  Downloading pyiron_base-0.15.1-py3-none-any.whl.metadata (15 kB)
Collecting pylammpsmpi>=0.2.9 (from pyiron-atomistics>=0.3.6->pyiron)
  Downloading pylammpsmpi-0.3.1-py3-none-any.whl.metadata (7.9 kB)
Collecting scipy>=1.11.4 (from pyiron-atomistics>=0.3.6->pyiron)
  Downloading scipy-1.16.2-cp313-cp313-manylinux2014_x86_64.manylinux_2_17_x86_64.whl.metadata (62 kB)
Collecting seekpath>=2.1.0 (from pyiron-atomistics>=0.3.6->pyiron)
  Downloading seekpath-2.1.0-py2.py3-none-any.whl.metadata (4.7 kB)
Collecting scikit-learn>=1.3.2 (from pyiron-atomistics>=0.3.6->pyiron)
  Downloading scikit_learn-1.7.2-cp313-cp313-manylinux2014_x86_64.manylinux_2_17_x86_64.whl.metadata (11 kB)
Collecting spglib>=2.1.0 (from pyiron-atomistics>=0.3.6->pyiron)
  Downloading spglib-2.6.0-cp313-cp313-manylinux_2_17_x86_64.manylinux2014_x86_64.whl.metadata (4.2 kB)
Collecting structuretoolkit>=0.0.15 (from pyiron-atomistics>=0.3.6->pyiron)
  Downloading structuretoolkit-0.0.22-py3-none-any.whl.metadata (6.5 kB)
Collecting Pygments<3.0.0,>=2.11.2 (from mendeleev>=0.14.0->pyiron-atomistics>=0.3.6->pyiron)
  Downloading pygments-2.19.2-py3-none-any.whl.metadata (2.5 kB)
Collecting SQLAlchemy>=1.4.0 (from mendeleev>=0.14.0->pyiron-atomistics>=0.3.6->pyiron)
  Downloading sqlalchemy-2.0.43-cp313-cp313-manylinux_2_17_x86_64.manylinux2014_x86_64.whl.metadata (9.6 kB)
Collecting colorama<0.5.0,>=0.4.6 (from mendeleev>=0.14.0->pyiron-atomistics>=0.3.6->pyiron)
  Downloading colorama-0.4.6-py2.py3-none-any.whl.metadata (17 kB)
Collecting deprecated<2.0.0,>=1.2.14 (from mendeleev>=0.14.0->pyiron-atomistics>=0.3.6->pyiron)
  Downloading Deprecated-1.2.18-py2.py3-none-any.whl.metadata (5.7 kB)
Collecting pydantic<3.0.0,>=2.9.2 (from mendeleev>=0.14.0->pyiron-atomistics>=0.3.6->pyiron)
  Downloading pydantic-2.11.9-py3-none-any.whl.metadata (68 kB)
Collecting pyfiglet<0.9,>=0.8.post1 (from mendeleev>=0.14.0->pyiron-atomistics>=0.3.6->pyiron)
  Downloading pyfiglet-0.8.post1-py2.py3-none-any.whl.metadata (1.3 kB)
INFO: pip is looking at multiple versions of atomistics to determine which version is compatible with other requirements. This could take a while.
INFO: pip is still looking at multiple versions of atomistics to determine which version is compatible with other requirements. This could take a while.
Collecting atomistics>=0.1.12 (from pyiron-atomistics>=0.3.6->pyiron)
  Downloading atomistics-0.1.17-py3-none-any.whl.metadata (15 kB)
  Downloading atomistics-0.1.15-py3-none-any.whl.metadata (15 kB)
  Downloading atomistics-0.1.14-py3-none-any.whl.metadata (15 kB)
INFO: This is taking longer than usual. You might need to provide the dependency resolver with stricter constraints to reduce runtime. See https://pip.pypa.io/warnings/backtracking for guidance. If you want to abort this run, press Ctrl + C.
  Downloading atomistics-0.1.13-py3-none-any.whl.metadata (14 kB)
Collecting ase>=3.22.1 (from pyiron-atomistics>=0.3.6->pyiron)
  Using cached ase-3.25.0-py3-none-any.whl.metadata (4.2 kB)
  Downloading ase-3.24.0-py3-none-any.whl.metadata (3.9 kB)
  Downloading ase-3.23.0-py3-none-any.whl.metadata (3.8 kB)
Collecting mendeleev>=0.14.0 (from pyiron-atomistics>=0.3.6->pyiron)
  Downloading mendeleev-1.0.0-py3-none-any.whl.metadata (21 kB)
Collecting numpy>=1.26.2 (from pyiron-atomistics>=0.3.6->pyiron)
  Using cached numpy-1.26.4.tar.gz (15.8 MB)
  Installing build dependencies ... done
  Getting requirements to build wheel ... done
  Installing backend dependencies ... done
  Preparing metadata (pyproject.toml) ... error
