=== /scratch/gent/vo/001/gvo00117/easybuild/RHEL9/zen4-ib/software/FreeSurfer/7.4.1-centos8_x86_64/bin/fs_spmreg.glnxa64 ===
	linux-vdso.so.1 (0x00001487964db000)
	libmwlaunchermain.so => /scratch/gent/vo/001/gvo00117/easybuild/RHEL9/zen4-ib/software/MCR/R2019b.8/v97/bin/glnxa64/libmwlaunchermain.so (0x00001487964bf000)
	libmwmclmcrrt.so.8.3 => not found
	libmwcpp11compat.so => /scratch/gent/vo/001/gvo00117/easybuild/RHEL9/zen4-ib/software/MCR/R2019b.8/v97/bin/glnxa64/libmwcpp11compat.so (0x0000148796290000)
	libstdc++.so.6 => /scratch/gent/vo/001/gvo00117/easybuild/RHEL9/zen4-ib/software/MCR/R2019b.8/v97/sys/os/glnxa64/libstdc++.so.6 (0x0000148795f0f000)
	libm.so.6 => /lib64/libm.so.6 (0x0000148795e32000)
	libgcc_s.so.1 => /scratch/gent/vo/001/gvo00117/easybuild/RHEL9/zen4-ib/software/MCR/R2019b.8/v97/sys/os/glnxa64/libgcc_s.so.1 (0x0000148795c1b000)
	libpthread.so.0 => /lib64/libpthread.so.0 (0x0000148795c16000)
	libc.so.6 => /lib64/libc.so.6 (0x0000148795a00000)
	libdl.so.2 => /lib64/libdl.so.2 (0x0000148795c11000)
	libmwfl.so => /scratch/gent/vo/001/gvo00117/easybuild/RHEL9/zen4-ib/software/MCR/R2019b.8/v97/bin/glnxa64/libmwfl.so (0x0000148795824000)
	libmwi18n.so => /scratch/gent/vo/001/gvo00117/easybuild/RHEL9/zen4-ib/software/MCR/R2019b.8/v97/bin/glnxa64/libmwi18n.so (0x00001487956bf000)
	libmwctfdatainterfaces.so => /scratch/gent/vo/001/gvo00117/easybuild/RHEL9/zen4-ib/software/MCR/R2019b.8/v97/bin/glnxa64/libmwctfdatainterfaces.so (0x000014879569b000)
	libmwctfpackage.so => /scratch/gent/vo/001/gvo00117/easybuild/RHEL9/zen4-ib/software/MCR/R2019b.8/v97/bin/glnxa64/libmwctfpackage.so (0x00001487955f0000)
	libmwmcli18nutil.so => /scratch/gent/vo/001/gvo00117/easybuild/RHEL9/zen4-ib/software/MCR/R2019b.8/v97/bin/glnxa64/libmwmcli18nutil.so (0x0000148795c08000)
	libmwmclmcrrt.so.9.7 => /scratch/gent/vo/001/gvo00117/easybuild/RHEL9/zen4-ib/software/MCR/R2019b.8/v97/runtime/glnxa64/libmwmclmcrrt.so.9.7 (0x000014879559e000)
	libmwopccore.so => /scratch/gent/vo/001/gvo00117/easybuild/RHEL9/zen4-ib/software/MCR/R2019b.8/v97/bin/glnxa64/libmwopccore.so (0x000014879552f000)
	libmwopcmodel.so => /scratch/gent/vo/001/gvo00117/easybuild/RHEL9/zen4-ib/software/MCR/R2019b.8/v97/bin/glnxa64/libmwopcmodel.so (0x000014879544c000)
	libmwopczippackage.so => /scratch/gent/vo/001/gvo00117/easybuild/RHEL9/zen4-ib/software/MCR/R2019b.8/v97/bin/glnxa64/libmwopczippackage.so (0x0000148795420000)
	libmwboost_system.so.1.65.1 => /scratch/gent/vo/001/gvo00117/easybuild/RHEL9/zen4-ib/software/MCR/R2019b.8/v97/bin/glnxa64/libmwboost_system.so.1.65.1 (0x000014879521b000)
	libmwboost_log.so.1.65.1 => /scratch/gent/vo/001/gvo00117/easybuild/RHEL9/zen4-ib/software/MCR/R2019b.8/v97/bin/glnxa64/libmwboost_log.so.1.65.1 (0x0000148794f41000)
	/lib64/ld-linux-x86-64.so.2 (0x00001487964dd000)
	libcrypt.so.1 => /lib64/libcrypt.so.1 (0x0000148794f07000)
	libpam.so.0 => /lib64/libpam.so.0 (0x0000148794ef5000)
	libmwboost_filesystem.so.1.65.1 => /scratch/gent/vo/001/gvo00117/easybuild/RHEL9/zen4-ib/software/MCR/R2019b.8/v97/bin/glnxa64/libmwboost_filesystem.so.1.65.1 (0x0000148794cda000)
	libmwboost_date_time.so.1.65.1 => /scratch/gent/vo/001/gvo00117/easybuild/RHEL9/zen4-ib/software/MCR/R2019b.8/v97/bin/glnxa64/libmwboost_date_time.so.1.65.1 (0x0000148794ac9000)
	libmwboost_serialization.so.1.65.1 => /scratch/gent/vo/001/gvo00117/easybuild/RHEL9/zen4-ib/software/MCR/R2019b.8/v97/bin/glnxa64/libmwboost_serialization.so.1.65.1 (0x0000148794888000)
	libmwboost_thread.so.1.65.1 => /scratch/gent/vo/001/gvo00117/easybuild/RHEL9/zen4-ib/software/MCR/R2019b.8/v97/bin/glnxa64/libmwboost_thread.so.1.65.1 (0x000014879465f000)
	libunwind.so.8 => /scratch/gent/vo/001/gvo00117/easybuild/RHEL9/zen4-ib/software/MCR/R2019b.8/v97/bin/glnxa64/libunwind.so.8 (0x0000148794441000)
	libmwresource_core.so => /scratch/gent/vo/001/gvo00117/easybuild/RHEL9/zen4-ib/software/MCR/R2019b.8/v97/bin/glnxa64/libmwresource_core.so (0x000014879443d000)
	libexpat.so.1 => /scratch/gent/vo/001/gvo00117/easybuild/RHEL9/zen4-ib/software/MCR/R2019b.8/v97/bin/glnxa64/libexpat.so.1 (0x0000148794212000)
	libicuuc.so.61 => /scratch/gent/vo/001/gvo00117/easybuild/RHEL9/zen4-ib/software/MCR/R2019b.8/v97/bin/glnxa64/libicuuc.so.61 (0x0000148793e52000)
	libicui18n.so.61 => /scratch/gent/vo/001/gvo00117/easybuild/RHEL9/zen4-ib/software/MCR/R2019b.8/v97/bin/glnxa64/libicui18n.so.61 (0x000014879399d000)
	libmwopcmwservices.so => /scratch/gent/vo/001/gvo00117/easybuild/RHEL9/zen4-ib/software/MCR/R2019b.8/v97/bin/glnxa64/libmwopcmwservices.so (0x000014879391d000)
	libmwxsd_binder.so => /scratch/gent/vo/001/gvo00117/easybuild/RHEL9/zen4-ib/software/MCR/R2019b.8/v97/bin/glnxa64/libmwxsd_binder.so (0x000014879378b000)
	libxerces-c-3.2.so => /scratch/gent/vo/001/gvo00117/easybuild/RHEL9/zen4-ib/software/MCR/R2019b.8/v97/bin/glnxa64/libxerces-c-3.2.so (0x00001487931e8000)
	libmwflstoragevfs.so => /scratch/gent/vo/001/gvo00117/easybuild/RHEL9/zen4-ib/software/MCR/R2019b.8/v97/bin/glnxa64/libmwflstoragevfs.so (0x00001487930b7000)
	libmwflnetwork.so => /scratch/gent/vo/001/gvo00117/easybuild/RHEL9/zen4-ib/software/MCR/R2019b.8/v97/bin/glnxa64/libmwflnetwork.so (0x0000148793007000)
	libmwflcrypto.so => /scratch/gent/vo/001/gvo00117/easybuild/RHEL9/zen4-ib/software/MCR/R2019b.8/v97/bin/glnxa64/libmwflcrypto.so (0x0000148792fc1000)
	libmwflcryptoutils.so => /scratch/gent/vo/001/gvo00117/easybuild/RHEL9/zen4-ib/software/MCR/R2019b.8/v97/bin/glnxa64/libmwflcryptoutils.so (0x0000148792fb1000)
	libmwflcryptocryptopp.so => /scratch/gent/vo/001/gvo00117/easybuild/RHEL9/zen4-ib/software/MCR/R2019b.8/v97/bin/glnxa64/libmwflcryptocryptopp.so (0x0000148792c95000)
	libmwflcertificates.so => /scratch/gent/vo/001/gvo00117/easybuild/RHEL9/zen4-ib/software/MCR/R2019b.8/v97/bin/glnxa64/libmwflcertificates.so (0x0000148792c44000)
	libmwboost_regex.so.1.65.1 => /scratch/gent/vo/001/gvo00117/easybuild/RHEL9/zen4-ib/software/MCR/R2019b.8/v97/bin/glnxa64/libmwboost_regex.so.1.65.1 (0x000014879292e000)
	libminizip.so => /scratch/gent/vo/001/gvo00117/easybuild/RHEL9/zen4-ib/software/MCR/R2019b.8/v97/bin/glnxa64/libminizip.so (0x000014879271f000)
	librt.so.1 => /lib64/librt.so.1 (0x000014879271a000)
	libmwboost_atomic.so.1.65.1 => /scratch/gent/vo/001/gvo00117/easybuild/RHEL9/zen4-ib/software/MCR/R2019b.8/v97/bin/glnxa64/libmwboost_atomic.so.1.65.1 (0x0000148792518000)
	libmwboost_chrono.so.1.65.1 => /scratch/gent/vo/001/gvo00117/easybuild/RHEL9/zen4-ib/software/MCR/R2019b.8/v97/bin/glnxa64/libmwboost_chrono.so.1.65.1 (0x000014879230e000)
	libicudata.so.61 => /scratch/gent/vo/001/gvo00117/easybuild/RHEL9/zen4-ib/software/MCR/R2019b.8/v97/bin/glnxa64/libicudata.so.61 (0x0000148790766000)
	libaudit.so.1 => /lib64/libaudit.so.1 (0x0000148790732000)
	libeconf.so.0 => /lib64/libeconf.so.0 (0x0000148790727000)
	libmwrelease_info.so => /scratch/gent/vo/001/gvo00117/easybuild/RHEL9/zen4-ib/software/MCR/R2019b.8/v97/bin/glnxa64/libmwrelease_info.so (0x00001487906e0000)
	libmwflstorageprovider.so => /scratch/gent/vo/001/gvo00117/easybuild/RHEL9/zen4-ib/software/MCR/R2019b.8/v97/bin/glnxa64/libmwflstorageprovider.so (0x000014879068c000)
	libmwflstorageevents.so => /scratch/gent/vo/001/gvo00117/easybuild/RHEL9/zen4-ib/software/MCR/R2019b.8/v97/bin/glnxa64/libmwflstorageevents.so (0x000014879066d000)
	libmwms.so => /scratch/gent/vo/001/gvo00117/easybuild/RHEL9/zen4-ib/software/MCR/R2019b.8/v97/bin/glnxa64/libmwms.so (0x0000148790329000)
	libtbb.so.2 => /scratch/gent/vo/001/gvo00117/easybuild/RHEL9/zen4-ib/software/MCR/R2019b.8/v97/bin/glnxa64/libtbb.so.2 (0x00001487900d1000)
	libssl.so.1.1 => /scratch/gent/vo/001/gvo00117/easybuild/RHEL9/zen4-ib/software/MCR/R2019b.8/v97/bin/glnxa64/libssl.so.1.1 (0x000014878fe40000)
	libcrypto.so.1.1 => /scratch/gent/vo/001/gvo00117/easybuild/RHEL9/zen4-ib/software/MCR/R2019b.8/v97/bin/glnxa64/libcrypto.so.1.1 (0x000014878f97a000)
	libz.so.1 => /lib64/libz.so.1 (0x000014878f960000)
	libcap-ng.so.0 => /lib64/libcap-ng.so.0 (0x000014878f957000)
	libmwflstorageutility.so => /scratch/gent/vo/001/gvo00117/easybuild/RHEL9/zen4-ib/software/MCR/R2019b.8/v97/bin/glnxa64/libmwflstorageutility.so (0x000014878f94f000)
	libmwfoundation_usm.so => /scratch/gent/vo/001/gvo00117/easybuild/RHEL9/zen4-ib/software/MCR/R2019b.8/v97/bin/glnxa64/libmwfoundation_usm.so (0x000014878f922000)

=== /scratch/gent/vo/001/gvo00117/easybuild/RHEL9/zen4-ib/software/FreeSurfer/7.4.1-centos8_x86_64/bin/irepifitvol.glnx64 ===
	linux-vdso.so.1 (0x00007ffc56562000)
	libmwlaunchermain.so => /scratch/gent/vo/001/gvo00117/easybuild/RHEL9/zen4-ib/software/MCR/R2019b.8/v97/bin/glnxa64/libmwlaunchermain.so (0x000014c411056000)
	libmwmclmcrrt.so.8.3 => not found
	libmwcpp11compat.so => /scratch/gent/vo/001/gvo00117/easybuild/RHEL9/zen4-ib/software/MCR/R2019b.8/v97/bin/glnxa64/libmwcpp11compat.so (0x000014c410e27000)
	libstdc++.so.6 => /scratch/gent/vo/001/gvo00117/easybuild/RHEL9/zen4-ib/software/MCR/R2019b.8/v97/sys/os/glnxa64/libstdc++.so.6 (0x000014c410aa6000)
	libm.so.6 => /lib64/libm.so.6 (0x000014c4109c9000)
	libgcc_s.so.1 => /scratch/gent/vo/001/gvo00117/easybuild/RHEL9/zen4-ib/software/MCR/R2019b.8/v97/sys/os/glnxa64/libgcc_s.so.1 (0x000014c4107b2000)
	libpthread.so.0 => /lib64/libpthread.so.0 (0x000014c4107ad000)
	libc.so.6 => /lib64/libc.so.6 (0x000014c410400000)
	libdl.so.2 => /lib64/libdl.so.2 (0x000014c4107a8000)
	libmwfl.so => /scratch/gent/vo/001/gvo00117/easybuild/RHEL9/zen4-ib/software/MCR/R2019b.8/v97/bin/glnxa64/libmwfl.so (0x000014c410224000)
	libmwi18n.so => /scratch/gent/vo/001/gvo00117/easybuild/RHEL9/zen4-ib/software/MCR/R2019b.8/v97/bin/glnxa64/libmwi18n.so (0x000014c410641000)
	libmwctfdatainterfaces.so => /scratch/gent/vo/001/gvo00117/easybuild/RHEL9/zen4-ib/software/MCR/R2019b.8/v97/bin/glnxa64/libmwctfdatainterfaces.so (0x000014c41061d000)
	libmwctfpackage.so => /scratch/gent/vo/001/gvo00117/easybuild/RHEL9/zen4-ib/software/MCR/R2019b.8/v97/bin/glnxa64/libmwctfpackage.so (0x000014c410179000)
	libmwmcli18nutil.so => /scratch/gent/vo/001/gvo00117/easybuild/RHEL9/zen4-ib/software/MCR/R2019b.8/v97/bin/glnxa64/libmwmcli18nutil.so (0x000014c410616000)
	libmwmclmcrrt.so.9.7 => /scratch/gent/vo/001/gvo00117/easybuild/RHEL9/zen4-ib/software/MCR/R2019b.8/v97/runtime/glnxa64/libmwmclmcrrt.so.9.7 (0x000014c410129000)
	libmwopccore.so => /scratch/gent/vo/001/gvo00117/easybuild/RHEL9/zen4-ib/software/MCR/R2019b.8/v97/bin/glnxa64/libmwopccore.so (0x000014c4100ba000)
	libmwopcmodel.so => /scratch/gent/vo/001/gvo00117/easybuild/RHEL9/zen4-ib/software/MCR/R2019b.8/v97/bin/glnxa64/libmwopcmodel.so (0x000014c40ffd7000)
	libmwopczippackage.so => /scratch/gent/vo/001/gvo00117/easybuild/RHEL9/zen4-ib/software/MCR/R2019b.8/v97/bin/glnxa64/libmwopczippackage.so (0x000014c40ffab000)
	libmwboost_system.so.1.65.1 => /scratch/gent/vo/001/gvo00117/easybuild/RHEL9/zen4-ib/software/MCR/R2019b.8/v97/bin/glnxa64/libmwboost_system.so.1.65.1 (0x000014c40fda6000)
	libmwboost_log.so.1.65.1 => /scratch/gent/vo/001/gvo00117/easybuild/RHEL9/zen4-ib/software/MCR/R2019b.8/v97/bin/glnxa64/libmwboost_log.so.1.65.1 (0x000014c40face000)
	/lib64/ld-linux-x86-64.so.2 (0x000014c41106e000)
	libcrypt.so.1 => /lib64/libcrypt.so.1 (0x000014c40fa94000)
	libpam.so.0 => /lib64/libpam.so.0 (0x000014c40fa82000)
	libmwboost_filesystem.so.1.65.1 => /scratch/gent/vo/001/gvo00117/easybuild/RHEL9/zen4-ib/software/MCR/R2019b.8/v97/bin/glnxa64/libmwboost_filesystem.so.1.65.1 (0x000014c40f867000)
	libmwboost_date_time.so.1.65.1 => /scratch/gent/vo/001/gvo00117/easybuild/RHEL9/zen4-ib/software/MCR/R2019b.8/v97/bin/glnxa64/libmwboost_date_time.so.1.65.1 (0x000014c40f656000)
	libmwboost_serialization.so.1.65.1 => /scratch/gent/vo/001/gvo00117/easybuild/RHEL9/zen4-ib/software/MCR/R2019b.8/v97/bin/glnxa64/libmwboost_serialization.so.1.65.1 (0x000014c40f417000)
	libmwboost_thread.so.1.65.1 => /scratch/gent/vo/001/gvo00117/easybuild/RHEL9/zen4-ib/software/MCR/R2019b.8/v97/bin/glnxa64/libmwboost_thread.so.1.65.1 (0x000014c40f1ee000)
	libunwind.so.8 => /scratch/gent/vo/001/gvo00117/easybuild/RHEL9/zen4-ib/software/MCR/R2019b.8/v97/bin/glnxa64/libunwind.so.8 (0x000014c40efd0000)
	libmwresource_core.so => /scratch/gent/vo/001/gvo00117/easybuild/RHEL9/zen4-ib/software/MCR/R2019b.8/v97/bin/glnxa64/libmwresource_core.so (0x000014c41060c000)
	libexpat.so.1 => /scratch/gent/vo/001/gvo00117/easybuild/RHEL9/zen4-ib/software/MCR/R2019b.8/v97/bin/glnxa64/libexpat.so.1 (0x000014c40eda5000)
	libicuuc.so.61 => /scratch/gent/vo/001/gvo00117/easybuild/RHEL9/zen4-ib/software/MCR/R2019b.8/v97/bin/glnxa64/libicuuc.so.61 (0x000014c40e9e7000)
	libicui18n.so.61 => /scratch/gent/vo/001/gvo00117/easybuild/RHEL9/zen4-ib/software/MCR/R2019b.8/v97/bin/glnxa64/libicui18n.so.61 (0x000014c40e532000)
	libmwopcmwservices.so => /scratch/gent/vo/001/gvo00117/easybuild/RHEL9/zen4-ib/software/MCR/R2019b.8/v97/bin/glnxa64/libmwopcmwservices.so (0x000014c40e4b2000)
	libmwxsd_binder.so => /scratch/gent/vo/001/gvo00117/easybuild/RHEL9/zen4-ib/software/MCR/R2019b.8/v97/bin/glnxa64/libmwxsd_binder.so (0x000014c40e320000)
	libxerces-c-3.2.so => /scratch/gent/vo/001/gvo00117/easybuild/RHEL9/zen4-ib/software/MCR/R2019b.8/v97/bin/glnxa64/libxerces-c-3.2.so (0x000014c40dd7d000)
	libmwflstoragevfs.so => /scratch/gent/vo/001/gvo00117/easybuild/RHEL9/zen4-ib/software/MCR/R2019b.8/v97/bin/glnxa64/libmwflstoragevfs.so (0x000014c40dc4e000)
	libmwflnetwork.so => /scratch/gent/vo/001/gvo00117/easybuild/RHEL9/zen4-ib/software/MCR/R2019b.8/v97/bin/glnxa64/libmwflnetwork.so (0x000014c40db9e000)
	libmwflcrypto.so => /scratch/gent/vo/001/gvo00117/easybuild/RHEL9/zen4-ib/software/MCR/R2019b.8/v97/bin/glnxa64/libmwflcrypto.so (0x000014c40db58000)
	libmwflcryptoutils.so => /scratch/gent/vo/001/gvo00117/easybuild/RHEL9/zen4-ib/software/MCR/R2019b.8/v97/bin/glnxa64/libmwflcryptoutils.so (0x000014c40db48000)
	libmwflcryptocryptopp.so => /scratch/gent/vo/001/gvo00117/easybuild/RHEL9/zen4-ib/software/MCR/R2019b.8/v97/bin/glnxa64/libmwflcryptocryptopp.so (0x000014c40d82c000)
	libmwflcertificates.so => /scratch/gent/vo/001/gvo00117/easybuild/RHEL9/zen4-ib/software/MCR/R2019b.8/v97/bin/glnxa64/libmwflcertificates.so (0x000014c40d7db000)
	libmwboost_regex.so.1.65.1 => /scratch/gent/vo/001/gvo00117/easybuild/RHEL9/zen4-ib/software/MCR/R2019b.8/v97/bin/glnxa64/libmwboost_regex.so.1.65.1 (0x000014c40d4c5000)
	libminizip.so => /scratch/gent/vo/001/gvo00117/easybuild/RHEL9/zen4-ib/software/MCR/R2019b.8/v97/bin/glnxa64/libminizip.so (0x000014c40d2b6000)
	librt.so.1 => /lib64/librt.so.1 (0x000014c40d2b1000)
	libmwboost_atomic.so.1.65.1 => /scratch/gent/vo/001/gvo00117/easybuild/RHEL9/zen4-ib/software/MCR/R2019b.8/v97/bin/glnxa64/libmwboost_atomic.so.1.65.1 (0x000014c40d0af000)
	libmwboost_chrono.so.1.65.1 => /scratch/gent/vo/001/gvo00117/easybuild/RHEL9/zen4-ib/software/MCR/R2019b.8/v97/bin/glnxa64/libmwboost_chrono.so.1.65.1 (0x000014c40cea5000)
	libicudata.so.61 => /scratch/gent/vo/001/gvo00117/easybuild/RHEL9/zen4-ib/software/MCR/R2019b.8/v97/bin/glnxa64/libicudata.so.61 (0x000014c40b2fd000)
	libaudit.so.1 => /lib64/libaudit.so.1 (0x000014c40b2c9000)
	libeconf.so.0 => /lib64/libeconf.so.0 (0x000014c40b2be000)
	libmwrelease_info.so => /scratch/gent/vo/001/gvo00117/easybuild/RHEL9/zen4-ib/software/MCR/R2019b.8/v97/bin/glnxa64/libmwrelease_info.so (0x000014c40b277000)
	libmwflstorageprovider.so => /scratch/gent/vo/001/gvo00117/easybuild/RHEL9/zen4-ib/software/MCR/R2019b.8/v97/bin/glnxa64/libmwflstorageprovider.so (0x000014c40b223000)
	libmwflstorageevents.so => /scratch/gent/vo/001/gvo00117/easybuild/RHEL9/zen4-ib/software/MCR/R2019b.8/v97/bin/glnxa64/libmwflstorageevents.so (0x000014c40b204000)
	libmwms.so => /scratch/gent/vo/001/gvo00117/easybuild/RHEL9/zen4-ib/software/MCR/R2019b.8/v97/bin/glnxa64/libmwms.so (0x000014c40aec0000)
	libtbb.so.2 => /scratch/gent/vo/001/gvo00117/easybuild/RHEL9/zen4-ib/software/MCR/R2019b.8/v97/bin/glnxa64/libtbb.so.2 (0x000014c40ac68000)
	libssl.so.1.1 => /scratch/gent/vo/001/gvo00117/easybuild/RHEL9/zen4-ib/software/MCR/R2019b.8/v97/bin/glnxa64/libssl.so.1.1 (0x000014c40a9d7000)
	libcrypto.so.1.1 => /scratch/gent/vo/001/gvo00117/easybuild/RHEL9/zen4-ib/software/MCR/R2019b.8/v97/bin/glnxa64/libcrypto.so.1.1 (0x000014c40a511000)
	libz.so.1 => /lib64/libz.so.1 (0x000014c40a4f7000)
	libcap-ng.so.0 => /lib64/libcap-ng.so.0 (0x000014c40a4ee000)
	libmwflstorageutility.so => /scratch/gent/vo/001/gvo00117/easybuild/RHEL9/zen4-ib/software/MCR/R2019b.8/v97/bin/glnxa64/libmwflstorageutility.so (0x000014c40a4e6000)
	libmwfoundation_usm.so => /scratch/gent/vo/001/gvo00117/easybuild/RHEL9/zen4-ib/software/MCR/R2019b.8/v97/bin/glnxa64/libmwfoundation_usm.so (0x000014c40a4b9000)

